Archive member included because of file (symbol)

C:\Marmalade\7.1\s3e\edk\lib\android/libedk.a(IwDebug.o)
                              debug\s3eAndroidAppirater_platform.os (IwDebugTraceSetTraceChannel)
C:\Marmalade\7.1\s3e\edk\lib\android/libedk.a(edk_helpers.o)
                              debug\s3eAndroidAppirater_platform.os (s3eEdkThreadRunOnOS)
c:/program files (x86)/android-ndk-r9/toolchains/arm-linux-androideabi-4.8/prebuilt/windows/bin/../lib/gcc/arm-linux-androideabi/4.8/libgcc.a(_aeabi_ldivmod.o)
                              C:\Marmalade\7.1\s3e\edk\lib\android/libedk.a(IwDebug.o) (__aeabi_ldivmod)
c:/program files (x86)/android-ndk-r9/toolchains/arm-linux-androideabi-4.8/prebuilt/windows/bin/../lib/gcc/arm-linux-androideabi/4.8/libgcc.a(_dvmd_lnx.o)
                              c:/program files (x86)/android-ndk-r9/toolchains/arm-linux-androideabi-4.8/prebuilt/windows/bin/../lib/gcc/arm-linux-androideabi/4.8/libgcc.a(_aeabi_ldivmod.o) (__aeabi_ldiv0)
c:/program files (x86)/android-ndk-r9/toolchains/arm-linux-androideabi-4.8/prebuilt/windows/bin/../lib/gcc/arm-linux-androideabi/4.8/libgcc.a(bpabi.o)
                              c:/program files (x86)/android-ndk-r9/toolchains/arm-linux-androideabi-4.8/prebuilt/windows/bin/../lib/gcc/arm-linux-androideabi/4.8/libgcc.a(_aeabi_ldivmod.o) (__gnu_ldivmod_helper)
c:/program files (x86)/android-ndk-r9/toolchains/arm-linux-androideabi-4.8/prebuilt/windows/bin/../lib/gcc/arm-linux-androideabi/4.8/libgcc.a(_divdi3.o)
                              c:/program files (x86)/android-ndk-r9/toolchains/arm-linux-androideabi-4.8/prebuilt/windows/bin/../lib/gcc/arm-linux-androideabi/4.8/libgcc.a(bpabi.o) (__divdi3)
c:/program files (x86)/android-ndk-r9/toolchains/arm-linux-androideabi-4.8/prebuilt/windows/bin/../lib/gcc/arm-linux-androideabi/4.8/libgcc.a(_udivdi3.o)
                              c:/program files (x86)/android-ndk-r9/toolchains/arm-linux-androideabi-4.8/prebuilt/windows/bin/../lib/gcc/arm-linux-androideabi/4.8/libgcc.a(bpabi.o) (__udivdi3)
c:/program files (x86)/android-ndk-r9/toolchains/arm-linux-androideabi-4.8/prebuilt/windows/bin/../lib/gcc/arm-linux-androideabi/4.8/libgcc.a(_udivsi3.o)
                              c:/program files (x86)/android-ndk-r9/toolchains/arm-linux-androideabi-4.8/prebuilt/windows/bin/../lib/gcc/arm-linux-androideabi/4.8/libgcc.a(_divdi3.o) (__aeabi_uidiv)

Discarded input sections

 .text          0x00000000       0x14 C:/Program Files (x86)/android-ndk-r9/platforms/android-9/arch-arm/usr/lib/crtbegin_so.o
 .bss           0x00000000        0x0 C:/Program Files (x86)/android-ndk-r9/platforms/android-9/arch-arm/usr/lib/crtbegin_so.o
 .note.GNU-stack
                0x00000000        0x0 C:/Program Files (x86)/android-ndk-r9/platforms/android-9/arch-arm/usr/lib/crtbegin_so.o
 .group         0x00000000        0x8 debug\s3eAndroidAppirater_platform.os
 .group         0x00000000        0x8 debug\s3eAndroidAppirater_platform.os
 .group         0x00000000        0x8 debug\s3eAndroidAppirater_platform.os
 .group         0x00000000        0x8 debug\s3eAndroidAppirater_platform.os
 .group         0x00000000        0x8 debug\s3eAndroidAppirater_platform.os
 .group         0x00000000        0x8 debug\s3eAndroidAppirater_platform.os
 .group         0x00000000        0x8 debug\s3eAndroidAppirater_platform.os
 .group         0x00000000        0x8 debug\s3eAndroidAppirater_platform.os
 .group         0x00000000        0x8 debug\s3eAndroidAppirater_platform.os
 .group         0x00000000        0x8 debug\s3eAndroidAppirater_platform.os
 .group         0x00000000        0x8 debug\s3eAndroidAppirater_platform.os
 .group         0x00000000        0x8 debug\s3eAndroidAppirater_platform.os
 .text          0x00000000        0x0 debug\s3eAndroidAppirater_platform.os
 .data          0x00000000        0x0 debug\s3eAndroidAppirater_platform.os
 .note.GNU-stack
                0x00000000        0x0 debug\s3eAndroidAppirater_platform.os
 .text          0x00000000        0x0 debug\s3eAndroidAppirater.os
 .data          0x00000000        0x0 debug\s3eAndroidAppirater.os
 .bss           0x00000000        0x0 debug\s3eAndroidAppirater.os
 .note.GNU-stack
                0x00000000        0x0 debug\s3eAndroidAppirater.os
 .text          0x00000000        0x0 debug\s3eAndroidAppirater_register.os
 .data          0x00000000        0x0 debug\s3eAndroidAppirater_register.os
 .bss           0x00000000        0x0 debug\s3eAndroidAppirater_register.os
 .note.GNU-stack
                0x00000000        0x0 debug\s3eAndroidAppirater_register.os
 .text          0x00000000        0x0 C:\Marmalade\7.1\s3e\edk\lib\android/libedk.a(IwDebug.o)
 .data          0x00000000        0x0 C:\Marmalade\7.1\s3e\edk\lib\android/libedk.a(IwDebug.o)
 .text.IwAssertRegisterTextCallback
                0x00000000       0x1c C:\Marmalade\7.1\s3e\edk\lib\android/libedk.a(IwDebug.o)
 .text.IwAssertRegisterCallback
                0x00000000       0x1c C:\Marmalade\7.1\s3e\edk\lib\android/libedk.a(IwDebug.o)
 .text.IwDebugErrorRegisterCallback
                0x00000000       0x1c C:\Marmalade\7.1\s3e\edk\lib\android/libedk.a(IwDebug.o)
 .text.IwDebugAssertSetUID
                0x00000000       0x14 C:\Marmalade\7.1\s3e\edk\lib\android/libedk.a(IwDebug.o)
 .text.IwDebugClearConfigCache
                0x00000000       0x80 C:\Marmalade\7.1\s3e\edk\lib\android/libedk.a(IwDebug.o)
 .text.IwDebugErrorShow
                0x00000000       0xec C:\Marmalade\7.1\s3e\edk\lib\android/libedk.a(IwDebug.o)
 .text.IwDebugTraceLineVPrintf
                0x00000000       0xfc C:\Marmalade\7.1\s3e\edk\lib\android/libedk.a(IwDebug.o)
 .text.IwDebugAssertIsChannelOn
                0x00000000      0x204 C:\Marmalade\7.1\s3e\edk\lib\android/libedk.a(IwDebug.o)
 .text.IwDebugTraceDisable
                0x00000000       0x10 C:\Marmalade\7.1\s3e\edk\lib\android/libedk.a(IwDebug.o)
 .text.IwDebugAssertSetMessage
                0x00000000       0xfc C:\Marmalade\7.1\s3e\edk\lib\android/libedk.a(IwDebug.o)
 .text.IwDebugAssertSetSolution
                0x00000000       0xa0 C:\Marmalade\7.1\s3e\edk\lib\android/libedk.a(IwDebug.o)
 .text.IwDebugAssertShow
                0x00000000      0x2d0 C:\Marmalade\7.1\s3e\edk\lib\android/libedk.a(IwDebug.o)
 .text.IwDebugTraceChannelSwitch
                0x00000000      0x4c4 C:\Marmalade\7.1\s3e\edk\lib\android/libedk.a(IwDebug.o)
 .note.GNU-stack
                0x00000000        0x0 C:\Marmalade\7.1\s3e\edk\lib\android/libedk.a(IwDebug.o)
 .text          0x00000000        0x0 C:\Marmalade\7.1\s3e\edk\lib\android/libedk.a(edk_helpers.o)
 .data          0x00000000        0x0 C:\Marmalade\7.1\s3e\edk\lib\android/libedk.a(edk_helpers.o)
 .bss           0x00000000        0x0 C:\Marmalade\7.1\s3e\edk\lib\android/libedk.a(edk_helpers.o)
 .text.s3eEdkThreadRunOnOSAsync
                0x00000000       0x30 C:\Marmalade\7.1\s3e\edk\lib\android/libedk.a(edk_helpers.o)
 .text.s3eEdkErrorSetString
                0x00000000       0x30 C:\Marmalade\7.1\s3e\edk\lib\android/libedk.a(edk_helpers.o)
 .note.GNU-stack
                0x00000000        0x0 C:\Marmalade\7.1\s3e\edk\lib\android/libedk.a(edk_helpers.o)
 .data          0x00000000        0x0 c:/program files (x86)/android-ndk-r9/toolchains/arm-linux-androideabi-4.8/prebuilt/windows/bin/../lib/gcc/arm-linux-androideabi/4.8/libgcc.a(_aeabi_ldivmod.o)
 .bss           0x00000000        0x0 c:/program files (x86)/android-ndk-r9/toolchains/arm-linux-androideabi-4.8/prebuilt/windows/bin/../lib/gcc/arm-linux-androideabi/4.8/libgcc.a(_aeabi_ldivmod.o)
 .note.GNU-stack
                0x00000000        0x0 c:/program files (x86)/android-ndk-r9/toolchains/arm-linux-androideabi-4.8/prebuilt/windows/bin/../lib/gcc/arm-linux-androideabi/4.8/libgcc.a(_aeabi_ldivmod.o)
 .data          0x00000000        0x0 c:/program files (x86)/android-ndk-r9/toolchains/arm-linux-androideabi-4.8/prebuilt/windows/bin/../lib/gcc/arm-linux-androideabi/4.8/libgcc.a(_dvmd_lnx.o)
 .bss           0x00000000        0x0 c:/program files (x86)/android-ndk-r9/toolchains/arm-linux-androideabi-4.8/prebuilt/windows/bin/../lib/gcc/arm-linux-androideabi/4.8/libgcc.a(_dvmd_lnx.o)
 .note.GNU-stack
                0x00000000        0x0 c:/program files (x86)/android-ndk-r9/toolchains/arm-linux-androideabi-4.8/prebuilt/windows/bin/../lib/gcc/arm-linux-androideabi/4.8/libgcc.a(_dvmd_lnx.o)
 .data          0x00000000        0x0 c:/program files (x86)/android-ndk-r9/toolchains/arm-linux-androideabi-4.8/prebuilt/windows/bin/../lib/gcc/arm-linux-androideabi/4.8/libgcc.a(bpabi.o)
 .bss           0x00000000        0x0 c:/program files (x86)/android-ndk-r9/toolchains/arm-linux-androideabi-4.8/prebuilt/windows/bin/../lib/gcc/arm-linux-androideabi/4.8/libgcc.a(bpabi.o)
 .note.GNU-stack
                0x00000000        0x0 c:/program files (x86)/android-ndk-r9/toolchains/arm-linux-androideabi-4.8/prebuilt/windows/bin/../lib/gcc/arm-linux-androideabi/4.8/libgcc.a(bpabi.o)
 .data          0x00000000        0x0 c:/program files (x86)/android-ndk-r9/toolchains/arm-linux-androideabi-4.8/prebuilt/windows/bin/../lib/gcc/arm-linux-androideabi/4.8/libgcc.a(_divdi3.o)
 .bss           0x00000000        0x0 c:/program files (x86)/android-ndk-r9/toolchains/arm-linux-androideabi-4.8/prebuilt/windows/bin/../lib/gcc/arm-linux-androideabi/4.8/libgcc.a(_divdi3.o)
 .ARM.extab     0x00000000        0x0 c:/program files (x86)/android-ndk-r9/toolchains/arm-linux-androideabi-4.8/prebuilt/windows/bin/../lib/gcc/arm-linux-androideabi/4.8/libgcc.a(_divdi3.o)
 .note.GNU-stack
                0x00000000        0x0 c:/program files (x86)/android-ndk-r9/toolchains/arm-linux-androideabi-4.8/prebuilt/windows/bin/../lib/gcc/arm-linux-androideabi/4.8/libgcc.a(_divdi3.o)
 .data          0x00000000        0x0 c:/program files (x86)/android-ndk-r9/toolchains/arm-linux-androideabi-4.8/prebuilt/windows/bin/../lib/gcc/arm-linux-androideabi/4.8/libgcc.a(_udivdi3.o)
 .bss           0x00000000        0x0 c:/program files (x86)/android-ndk-r9/toolchains/arm-linux-androideabi-4.8/prebuilt/windows/bin/../lib/gcc/arm-linux-androideabi/4.8/libgcc.a(_udivdi3.o)
 .ARM.extab     0x00000000        0x0 c:/program files (x86)/android-ndk-r9/toolchains/arm-linux-androideabi-4.8/prebuilt/windows/bin/../lib/gcc/arm-linux-androideabi/4.8/libgcc.a(_udivdi3.o)
 .note.GNU-stack
                0x00000000        0x0 c:/program files (x86)/android-ndk-r9/toolchains/arm-linux-androideabi-4.8/prebuilt/windows/bin/../lib/gcc/arm-linux-androideabi/4.8/libgcc.a(_udivdi3.o)
 .data          0x00000000        0x0 c:/program files (x86)/android-ndk-r9/toolchains/arm-linux-androideabi-4.8/prebuilt/windows/bin/../lib/gcc/arm-linux-androideabi/4.8/libgcc.a(_udivsi3.o)
 .bss           0x00000000        0x0 c:/program files (x86)/android-ndk-r9/toolchains/arm-linux-androideabi-4.8/prebuilt/windows/bin/../lib/gcc/arm-linux-androideabi/4.8/libgcc.a(_udivsi3.o)
 .note.GNU-stack
                0x00000000        0x0 c:/program files (x86)/android-ndk-r9/toolchains/arm-linux-androideabi-4.8/prebuilt/windows/bin/../lib/gcc/arm-linux-androideabi/4.8/libgcc.a(_udivsi3.o)
 .text          0x00000000        0x0 C:/Program Files (x86)/android-ndk-r9/platforms/android-9/arch-arm/usr/lib/crtend_so.o
 .data          0x00000000        0x0 C:/Program Files (x86)/android-ndk-r9/platforms/android-9/arch-arm/usr/lib/crtend_so.o
 .bss           0x00000000        0x0 C:/Program Files (x86)/android-ndk-r9/platforms/android-9/arch-arm/usr/lib/crtend_so.o
 .note.GNU-stack
                0x00000000        0x0 C:/Program Files (x86)/android-ndk-r9/platforms/android-9/arch-arm/usr/lib/crtend_so.o

Memory map

 ** file header
                0x00000000       0x34
 ** segment headers
                0x00000034      0x100

.interp         0x00000134       0x13
 ** fill        0x00000134       0x13

.dynsym         0x00000148      0x280
 ** dynsym      0x00000148      0x280

.dynstr         0x000003c8      0x253
 ** string table
                0x000003c8      0x253

.hash           0x0000061c      0x13c
 ** hash        0x0000061c      0x13c

.rel.dyn        0x00000758       0x30
 ** dynamic relocs
                0x00000758       0x30

.rel.plt        0x00000788       0x78
 ** dynamic relocs
                0x00000788       0x78

.plt            0x00000800       0xc8
 ** PLT         0x00000800       0xc8

.text           0x000008c8     0x18ac
 .text.exit     0x000008c8       0x10 C:/Program Files (x86)/android-ndk-r9/platforms/android-9/arch-arm/usr/lib/crtbegin_so.o
                0x000008c8                __on_dlclose
 .text._ZN7_JNIEnv9FindClassEPKc
                0x000008d8       0x38 debug\s3eAndroidAppirater_platform.os
                0x000008d8                _JNIEnv::FindClass(char const*)
 .text._ZN7_JNIEnv17ExceptionOccurredEv
                0x00000910       0x30 debug\s3eAndroidAppirater_platform.os
                0x00000910                _JNIEnv::ExceptionOccurred()
 .text._ZN7_JNIEnv17ExceptionDescribeEv
                0x00000940       0x28 debug\s3eAndroidAppirater_platform.os
                0x00000940                _JNIEnv::ExceptionDescribe()
 .text._ZN7_JNIEnv14ExceptionClearEv
                0x00000968       0x28 debug\s3eAndroidAppirater_platform.os
                0x00000968                _JNIEnv::ExceptionClear()
 .text._ZN7_JNIEnv12NewGlobalRefEP8_jobject
                0x00000990       0x38 debug\s3eAndroidAppirater_platform.os
                0x00000990                _JNIEnv::NewGlobalRef(_jobject*)
 .text._ZN7_JNIEnv15DeleteGlobalRefEP8_jobject
                0x000009c8       0x30 debug\s3eAndroidAppirater_platform.os
                0x000009c8                _JNIEnv::DeleteGlobalRef(_jobject*)
 .text._ZN7_JNIEnv14DeleteLocalRefEP8_jobject
                0x000009f8       0x30 debug\s3eAndroidAppirater_platform.os
                0x000009f8                _JNIEnv::DeleteLocalRef(_jobject*)
 .text._ZN7_JNIEnv9NewObjectEP7_jclassP10_jmethodIDz
                0x00000a28       0x58 debug\s3eAndroidAppirater_platform.os
                0x00000a28                _JNIEnv::NewObject(_jclass*, _jmethodID*, ...)
 .text._ZN7_JNIEnv11GetMethodIDEP7_jclassPKcS3_
                0x00000a80       0x48 debug\s3eAndroidAppirater_platform.os
                0x00000a80                _JNIEnv::GetMethodID(_jclass*, char const*, char const*)
 .text._ZN7_JNIEnv13CallIntMethodEP8_jobjectP10_jmethodIDz
                0x00000ac8       0x58 debug\s3eAndroidAppirater_platform.os
                0x00000ac8                _JNIEnv::CallIntMethod(_jobject*, _jmethodID*, ...)
 .text._ZN7_JNIEnv12NewStringUTFEPKc
                0x00000b20       0x38 debug\s3eAndroidAppirater_platform.os
                0x00000b20                _JNIEnv::NewStringUTF(char const*)
 .text._ZN7_JavaVM6GetEnvEPPvi
                0x00000b58       0x40 debug\s3eAndroidAppirater_platform.os
                0x00000b58                _JavaVM::GetEnv(void**, int)
 .text._ZL15s3eEdkJNIGetEnvv
                0x00000b98       0x40 debug\s3eAndroidAppirater_platform.os
 .text._ZL27s3eEdkAndroidFindClass_realPKc
                0x00000bd8       0x8c debug\s3eAndroidAppirater_platform.os
 .text._ZL22s3eEdkAndroidFindClassPKc
                0x00000c64       0x38 debug\s3eAndroidAppirater_platform.os
 .text._Z32s3eAndroidAppiraterInit_platformv
                0x00000c9c      0x288 debug\s3eAndroidAppirater_platform.os
                0x00000c9c                s3eAndroidAppiraterInit_platform()
 .text._Z37s3eAndroidAppiraterTerminate_platformv
                0x00000f24        0x4 debug\s3eAndroidAppirater_platform.os
                0x00000f24                s3eAndroidAppiraterTerminate_platform()
 .text._Z22AppiraterInit_platformPKcS0_iii
                0x00000f28       0xa4 debug\s3eAndroidAppirater_platform.os
                0x00000f28                AppiraterInit_platform(char const*, char const*, int, int, int)
 .text._Z30AppiraterEventOccured_platformv
                0x00000fcc       0x50 debug\s3eAndroidAppirater_platform.os
                0x00000fcc                AppiraterEventOccured_platform()
 .text._Z23s3eAndroidAppiraterInitv
                0x0000101c       0x14 debug\s3eAndroidAppirater.os
                0x0000101c                s3eAndroidAppiraterInit()
 .text._Z28s3eAndroidAppiraterTerminatev
                0x00001030        0xc debug\s3eAndroidAppirater.os
                0x00001030                s3eAndroidAppiraterTerminate()
 .text.AppiraterInit
                0x0000103c       0x44 debug\s3eAndroidAppirater.os
                0x0000103c                AppiraterInit
 .text.AppiraterEventOccured
                0x00001080       0x14 debug\s3eAndroidAppirater.os
                0x00001080                AppiraterEventOccured
 .text._ZL18AppiraterInit_wrapPKcS0_iii
                0x00001094       0xc8 debug\s3eAndroidAppirater_register.os
 .text._ZL26AppiraterEventOccured_wrapv
                0x0000115c       0x90 debug\s3eAndroidAppirater_register.os
 .text._Z30s3eAndroidAppiraterRegisterExtv
                0x000011ec       0x98 debug\s3eAndroidAppirater_register.os
                0x000011ec                s3eAndroidAppiraterRegisterExt()
 .text.RegisterExt
                0x00001284        0xc debug\s3eAndroidAppirater_register.os
                0x00001284                RegisterExt
 .text.IwDebugTraceSetTraceChannel
                0x00001290       0x1c C:\Marmalade\7.1\s3e\edk\lib\android/libedk.a(IwDebug.o)
                0x00001290                IwDebugTraceSetTraceChannel
 .text._GLOBAL__I_Y__sdk_modules_iwcore_source_IwDebug.cpp
                0x000012ac       0xa4 C:\Marmalade\7.1\s3e\edk\lib\android/libedk.a(IwDebug.o)
 .text.IwDebugTraceIsChannelOn
                0x00001350      0x2b8 C:\Marmalade\7.1\s3e\edk\lib\android/libedk.a(IwDebug.o)
                0x00001350                IwDebugTraceIsChannelOn
 .text.IwDebugTraceLinePrintf
                0x00001608      0x10c C:\Marmalade\7.1\s3e\edk\lib\android/libedk.a(IwDebug.o)
                0x00001608                IwDebugTraceLinePrintf
 .text.s3eEdkThreadRunOnOS
                0x00001714       0x30 C:\Marmalade\7.1\s3e\edk\lib\android/libedk.a(edk_helpers.o)
                0x00001714                s3eEdkThreadRunOnOS
 .text          0x00001744       0x44 c:/program files (x86)/android-ndk-r9/toolchains/arm-linux-androideabi-4.8/prebuilt/windows/bin/../lib/gcc/arm-linux-androideabi/4.8/libgcc.a(_aeabi_ldivmod.o)
                0x00001744                __aeabi_ldivmod
 .text          0x00001788       0x10 c:/program files (x86)/android-ndk-r9/toolchains/arm-linux-androideabi-4.8/prebuilt/windows/bin/../lib/gcc/arm-linux-androideabi/4.8/libgcc.a(_dvmd_lnx.o)
                0x00001788                __aeabi_idiv0
                0x00001788                __aeabi_ldiv0
 .text          0x00001798       0x78 c:/program files (x86)/android-ndk-r9/toolchains/arm-linux-androideabi-4.8/prebuilt/windows/bin/../lib/gcc/arm-linux-androideabi/4.8/libgcc.a(bpabi.o)
                0x00001798                __gnu_ldivmod_helper
                0x000017d4                __gnu_uldivmod_helper
 .text          0x00001810      0x498 c:/program files (x86)/android-ndk-r9/toolchains/arm-linux-androideabi-4.8/prebuilt/windows/bin/../lib/gcc/arm-linux-androideabi/4.8/libgcc.a(_divdi3.o)
                0x00001810                __divdi3
 .text          0x00001ca8      0x404 c:/program files (x86)/android-ndk-r9/toolchains/arm-linux-androideabi-4.8/prebuilt/windows/bin/../lib/gcc/arm-linux-androideabi/4.8/libgcc.a(_udivdi3.o)
                0x00001ca8                __udivdi3
 .text          0xffffffffffffffff       0xc8 c:/program files (x86)/android-ndk-r9/toolchains/arm-linux-androideabi-4.8/prebuilt/windows/bin/../lib/gcc/arm-linux-androideabi/4.8/libgcc.a(_udivsi3.o)
                0x000020ac                __udivsi3
                0x000020ac                __aeabi_uidiv
                0x00002154                __aeabi_uidivmod

.rodata         0x00002174      0x2ac
 .rodata        0x00002174       0xd8 debug\s3eAndroidAppirater_platform.os
 .rodata        0x0000224c       0xb8 debug\s3eAndroidAppirater_register.os
 ** merge strings
                0x00002304      0x11c

.ARM.exidx      0x00002420        0x8
 .ARM.exidx     0x00002420        0x8 c:/program files (x86)/android-ndk-r9/toolchains/arm-linux-androideabi-4.8/prebuilt/windows/bin/../lib/gcc/arm-linux-androideabi/4.8/libgcc.a(_divdi3.o)

.fini_array     0x00003eb8        0x8
 .fini_array    0x00003eb8        0x4 C:/Program Files (x86)/android-ndk-r9/platforms/android-9/arch-arm/usr/lib/crtbegin_so.o
 .fini_array    0x00003ebc        0x4 C:/Program Files (x86)/android-ndk-r9/platforms/android-9/arch-arm/usr/lib/crtend_so.o

.init_array     0x00003ec0        0x8
 .init_array    0x00003ec0        0x4 C:\Marmalade\7.1\s3e\edk\lib\android/libedk.a(IwDebug.o)
 .init_array    0x00003ec4        0x4 C:/Program Files (x86)/android-ndk-r9/platforms/android-9/arch-arm/usr/lib/crtend_so.o

.dynamic        0x00003ec8       0xe0
 ** dynamic     0x00003ec8       0xe0

.got            0x00003fa8       0x58
 ** GOT         0x00003fa8       0x10
 ** GOT PLT     0x00003fb8       0x48

.data           0x00004000        0x4
 .data          0x00004000        0x4 C:/Program Files (x86)/android-ndk-r9/platforms/android-9/arch-arm/usr/lib/crtbegin_so.o
                0x00004000                __dso_handle

.bss            0x00004004     0x1a34
 .bss           0x00004004        0xc debug\s3eAndroidAppirater_platform.os
 .bss           0x00004010     0x1a28 C:\Marmalade\7.1\s3e\edk\lib\android/libedk.a(IwDebug.o)
                0x00004010                g_DebugGlobals
