Archive member included because of file (symbol)

C:\Marmalade\7.1\s3e\edk\lib\android/libedk.a(edk_helpers.o)
                              release\s3eAndroidAppirater_platform.os (s3eEdkThreadRunOnOS)

Discarded input sections

 .text          0x00000000       0x14 C:/Program Files (x86)/android-ndk-r9/platforms/android-9/arch-arm/usr/lib/crtbegin_so.o
 .bss           0x00000000        0x0 C:/Program Files (x86)/android-ndk-r9/platforms/android-9/arch-arm/usr/lib/crtbegin_so.o
 .note.GNU-stack
                0x00000000        0x0 C:/Program Files (x86)/android-ndk-r9/platforms/android-9/arch-arm/usr/lib/crtbegin_so.o
 .group         0x00000000        0x8 release\s3eAndroidAppirater_platform.os
 .group         0x00000000        0x8 release\s3eAndroidAppirater_platform.os
 .text          0x00000000        0x0 release\s3eAndroidAppirater_platform.os
 .data          0x00000000        0x0 release\s3eAndroidAppirater_platform.os
 .note.GNU-stack
                0x00000000        0x0 release\s3eAndroidAppirater_platform.os
 .text          0x00000000        0x0 release\s3eAndroidAppirater.os
 .data          0x00000000        0x0 release\s3eAndroidAppirater.os
 .bss           0x00000000        0x0 release\s3eAndroidAppirater.os
 .note.GNU-stack
                0x00000000        0x0 release\s3eAndroidAppirater.os
 .text          0x00000000        0x0 release\s3eAndroidAppirater_register.os
 .data          0x00000000        0x0 release\s3eAndroidAppirater_register.os
 .bss           0x00000000        0x0 release\s3eAndroidAppirater_register.os
 .text._Z30s3eAndroidAppiraterRegisterExtv
                0x00000000       0x84 release\s3eAndroidAppirater_register.os
 .note.GNU-stack
                0x00000000        0x0 release\s3eAndroidAppirater_register.os
 .text          0x00000000        0x0 C:\Marmalade\7.1\s3e\edk\lib\android/libedk.a(edk_helpers.o)
 .data          0x00000000        0x0 C:\Marmalade\7.1\s3e\edk\lib\android/libedk.a(edk_helpers.o)
 .bss           0x00000000        0x0 C:\Marmalade\7.1\s3e\edk\lib\android/libedk.a(edk_helpers.o)
 .text.s3eEdkThreadRunOnOSAsync
                0x00000000       0x30 C:\Marmalade\7.1\s3e\edk\lib\android/libedk.a(edk_helpers.o)
 .text.s3eEdkErrorSetString
                0x00000000       0x30 C:\Marmalade\7.1\s3e\edk\lib\android/libedk.a(edk_helpers.o)
 .note.GNU-stack
                0x00000000        0x0 C:\Marmalade\7.1\s3e\edk\lib\android/libedk.a(edk_helpers.o)
 .text          0x00000000        0x0 C:/Program Files (x86)/android-ndk-r9/platforms/android-9/arch-arm/usr/lib/crtend_so.o
 .data          0x00000000        0x0 C:/Program Files (x86)/android-ndk-r9/platforms/android-9/arch-arm/usr/lib/crtend_so.o
 .bss           0x00000000        0x0 C:/Program Files (x86)/android-ndk-r9/platforms/android-9/arch-arm/usr/lib/crtend_so.o
 .note.GNU-stack
                0x00000000        0x0 C:/Program Files (x86)/android-ndk-r9/platforms/android-9/arch-arm/usr/lib/crtend_so.o

Memory map

 ** file header
                0x00000000       0x34
 ** segment headers
                0x00000034       0xe0

.interp         0x00000114       0x13
 ** fill        0x00000114       0x13

.dynsym         0x00000128       0xc0
 ** dynsym      0x00000128       0xc0

.dynstr         0x000001e8       0xea
 ** string table
                0x000001e8       0xea

.hash           0x000002d4       0x44
 ** hash        0x000002d4       0x44

.rel.dyn        0x00000318       0x28
 ** dynamic relocs
                0x00000318       0x28

.rel.plt        0x00000340       0x20
 ** dynamic relocs
                0x00000340       0x20

.plt            0x00000360       0x44
 ** PLT         0x00000360       0x44

.text           0x000003a4      0x510
 .text.exit     0x000003a4       0x10 C:/Program Files (x86)/android-ndk-r9/platforms/android-9/arch-arm/usr/lib/crtbegin_so.o
                0x000003a4                __on_dlclose
 .text._ZL27s3eEdkAndroidFindClass_realPKc
                0x000003b4       0xb8 release\s3eAndroidAppirater_platform.os
 .text._ZN7_JNIEnv9NewObjectEP7_jclassP10_jmethodIDz
                0x0000046c       0x38 release\s3eAndroidAppirater_platform.os
                0x0000046c                _JNIEnv::NewObject(_jclass*, _jmethodID*, ...)
 .text._ZN7_JNIEnv13CallIntMethodEP8_jobjectP10_jmethodIDz
                0x000004a4       0x38 release\s3eAndroidAppirater_platform.os
                0x000004a4                _JNIEnv::CallIntMethod(_jobject*, _jmethodID*, ...)
 .text._Z32s3eAndroidAppiraterInit_platformv
                0x000004dc      0x1b0 release\s3eAndroidAppirater_platform.os
                0x000004dc                s3eAndroidAppiraterInit_platform()
 .text._Z37s3eAndroidAppiraterTerminate_platformv
                0x0000068c        0x4 release\s3eAndroidAppirater_platform.os
                0x0000068c                s3eAndroidAppiraterTerminate_platform()
 .text._Z22AppiraterInit_platformPKcS0_iii
                0x00000690       0xa8 release\s3eAndroidAppirater_platform.os
                0x00000690                AppiraterInit_platform(char const*, char const*, int, int, int)
 .text._Z30AppiraterEventOccured_platformv
                0x00000738       0x50 release\s3eAndroidAppirater_platform.os
                0x00000738                AppiraterEventOccured_platform()
 .text._Z23s3eAndroidAppiraterInitv
                0x00000788        0x4 release\s3eAndroidAppirater.os
                0x00000788                s3eAndroidAppiraterInit()
 .text._Z28s3eAndroidAppiraterTerminatev
                0x0000078c        0x4 release\s3eAndroidAppirater.os
                0x0000078c                s3eAndroidAppiraterTerminate()
 .text.AppiraterInit
                0x00000790        0x4 release\s3eAndroidAppirater.os
                0x00000790                AppiraterInit
 .text.AppiraterEventOccured
                0x00000794        0x4 release\s3eAndroidAppirater.os
                0x00000794                AppiraterEventOccured
 .text._ZL26AppiraterEventOccured_wrapv
                0x00000798       0x20 release\s3eAndroidAppirater_register.os
 .text._ZL18AppiraterInit_wrapPKcS0_iii
                0x000007b8       0x48 release\s3eAndroidAppirater_register.os
 .text.RegisterExt
                0x00000800       0x84 release\s3eAndroidAppirater_register.os
                0x00000800                RegisterExt
 .text.s3eEdkThreadRunOnOS
                0xffffffffffffffff       0x30 C:\Marmalade\7.1\s3e\edk\lib\android/libedk.a(edk_helpers.o)
                0x00000884                s3eEdkThreadRunOnOS

.rodata         0x000008b4       0x78
 ** merge strings
                0x000008b4       0x78

.fini_array     0x00001ee8        0x8
 .fini_array    0x00001ee8        0x4 C:/Program Files (x86)/android-ndk-r9/platforms/android-9/arch-arm/usr/lib/crtbegin_so.o
 .fini_array    0x00001eec        0x4 C:/Program Files (x86)/android-ndk-r9/platforms/android-9/arch-arm/usr/lib/crtend_so.o

.init_array     0x00001ef0        0x4
 .init_array    0x00001ef0        0x4 C:/Program Files (x86)/android-ndk-r9/platforms/android-9/arch-arm/usr/lib/crtend_so.o

.dynamic        0x00001ef4       0xe0
 ** dynamic     0x00001ef4       0xe0

.got            0x00001fd4       0x2c
 ** GOT         0x00001fd4       0x10
 ** GOT PLT     0x00001fe4       0x1c

.data           0x00002000        0x4
 .data          0x00002000        0x4 C:/Program Files (x86)/android-ndk-r9/platforms/android-9/arch-arm/usr/lib/crtbegin_so.o
                0x00002000                __dso_handle

.bss            0x00002004        0xc
 .bss           0x00002004        0xc release\s3eAndroidAppirater_platform.os
